exports[`test Search renders correctly 1`] = `
<div>
  <div
    style={
      Object {
        "marginBottom": "20px",
      }
    }>
    <SearchForm
      onSearch={[Function]} />
  </div>
  <Thumbmnails
    onClick={undefined}
    photos={Array []} />
</div>
`;

exports[`test Search searches correctly 1`] = `
<div>
  <div
    style={
      Object {
        "marginBottom": "20px",
      }
    }>
    <SearchForm
      onSearch={[Function]} />
  </div>
  <Thumbmnails
    onClick={undefined}
    photos={
      Array [
        Object {
          "aperture": "3",
          "camera": "NIKON D800",
          "category": 11,
          "collections_count": 62,
          "comments_count": 22,
          "converted": 31,
          "converted_bits": 31,
          "created_at": "2013-03-21T01:40:20-04:00",
          "crop_version": 2,
          "description": "Beans the tabby gets a gentle chin rub during the photo shoot.",
          "favorites_count": 56,
          "focal_length": "105",
          "for_sale": true,
          "for_sale_date": null,
          "height": 6752,
          "hi_res_uploaded": 2,
          "highest_rating": 91.5,
          "highest_rating_date": "2013-03-22T00:21:12-04:00",
          "id": 28818265,
          "image_format": "jpeg",
          "image_url": Array [
            "https://drscdn.500px.org/photo/28818265/w%3D280_h%3D280/d6d67cf8a444515fb63f4193b356995d?v=2",
            "https://drscdn.500px.org/photo/28818265/m%3D900_k%3D1_a%3D1/a7d9175caf9847eea5f0a5e9f0a05b1f",
          ],
          "images": Array [
            Object {
              "format": "jpeg",
              "https_url": "https://drscdn.500px.org/photo/28818265/w%3D280_h%3D280/d6d67cf8a444515fb63f4193b356995d?v=2",
              "size": 3,
              "url": "https://drscdn.500px.org/photo/28818265/w%3D280_h%3D280/d6d67cf8a444515fb63f4193b356995d?v=2",
            },
            Object {
              "format": "jpeg",
              "https_url": "https://drscdn.500px.org/photo/28818265/m%3D900_k%3D1_a%3D1/a7d9175caf9847eea5f0a5e9f0a05b1f",
              "size": 4,
              "url": "https://drscdn.500px.org/photo/28818265/m%3D900_k%3D1_a%3D1/a7d9175caf9847eea5f0a5e9f0a05b1f",
            },
          ],
          "is_free_photo": false,
          "iso": "400",
          "latitude": null,
          "lens": null,
          "license_type": 0,
          "licensing_requested": false,
          "licensing_suggested": false,
          "location": null,
          "longitude": null,
          "name": "That hits the spot",
          "nsfw": false,
          "positive_votes_count": 486,
          "privacy": false,
          "profile": true,
          "rating": 49.8,
          "sales_count": 0,
          "shutter_speed": "1/90",
          "status": 1,
          "taken_at": "2013-03-09T04:48:18-05:00",
          "times_viewed": 35000,
          "url": "/photo/28818265/that-hits-the-spot-by-josh-norem",
          "user": Object {
            "affection": 21984,
            "avatars": Object {
              "default": Object {
                "https": "https://pacdn.500px.org/79677/7dfd80505fd6840face83c3237581ab00b05b97d/1.jpg?88",
              },
              "large": Object {
                "https": "https://pacdn.500px.org/79677/7dfd80505fd6840face83c3237581ab00b05b97d/2.jpg?88",
              },
              "small": Object {
                "https": "https://pacdn.500px.org/79677/7dfd80505fd6840face83c3237581ab00b05b97d/3.jpg?88",
              },
              "tiny": Object {
                "https": "https://pacdn.500px.org/79677/7dfd80505fd6840face83c3237581ab00b05b97d/4.jpg?88",
              },
            },
            "city": "San Francisco",
            "country": "USA",
            "cover_url": "https://pacdn.500px.org/79677/7dfd80505fd6840face83c3237581ab00b05b97d/cover_2048.jpg?14",
            "firstname": "Josh",
            "followers_count": 808,
            "fullname": "Josh Norem",
            "id": 79677,
            "lastname": "Norem",
            "store_on": true,
            "upgrade_status": 0,
            "username": "joshnorem",
            "userpic_https_url": "https://pacdn.500px.org/79677/7dfd80505fd6840face83c3237581ab00b05b97d/1.jpg?88",
            "userpic_url": "https://pacdn.500px.org/79677/7dfd80505fd6840face83c3237581ab00b05b97d/1.jpg?88",
            "usertype": 0,
          },
          "user_id": 79677,
          "votes_count": 486,
          "watermark": false,
          "width": 4904,
        },
        Object {
          "aperture": "4.5",
          "camera": "NIKON D800",
          "category": 11,
          "collections_count": 50,
          "comments_count": 13,
          "converted": 31,
          "converted_bits": 31,
          "created_at": "2013-12-07T20:49:57-05:00",
          "crop_version": 0,
          "description": "This little kitten was laying upside down in his playpen, giving himself a bath. Not a bad life.",
          "favorites_count": 48,
          "focal_length": "56",
          "for_sale": true,
          "for_sale_date": null,
          "height": 3760,
          "hi_res_uploaded": 2,
          "highest_rating": 92.1,
          "highest_rating_date": "2013-12-08T12:27:07-05:00",
          "id": 54298810,
          "image_format": "jpeg",
          "image_url": Array [
            "https://drscdn.500px.org/photo/54298810/w%3D280_h%3D280/8cf2d3ed45967c81c864d88c2a530bcd?v=0",
            "https://drscdn.500px.org/photo/54298810/m%3D900_k%3D1_a%3D1/6900e0d96cbea338677108c214ae1837",
          ],
          "images": Array [
            Object {
              "format": "jpeg",
              "https_url": "https://drscdn.500px.org/photo/54298810/w%3D280_h%3D280/8cf2d3ed45967c81c864d88c2a530bcd?v=0",
              "size": 3,
              "url": "https://drscdn.500px.org/photo/54298810/w%3D280_h%3D280/8cf2d3ed45967c81c864d88c2a530bcd?v=0",
            },
            Object {
              "format": "jpeg",
              "https_url": "https://drscdn.500px.org/photo/54298810/m%3D900_k%3D1_a%3D1/6900e0d96cbea338677108c214ae1837",
              "size": 4,
              "url": "https://drscdn.500px.org/photo/54298810/m%3D900_k%3D1_a%3D1/6900e0d96cbea338677108c214ae1837",
            },
          ],
          "is_free_photo": false,
          "iso": "1000",
          "latitude": null,
          "lens": null,
          "license_type": 0,
          "licensing_requested": false,
          "licensing_suggested": false,
          "location": null,
          "longitude": null,
          "name": "Hanging Out",
          "nsfw": false,
          "positive_votes_count": 397,
          "privacy": false,
          "profile": true,
          "rating": 49.7,
          "sales_count": 0,
          "shutter_speed": "1/250",
          "status": 1,
          "taken_at": "2013-12-07T05:36:32-05:00",
          "times_viewed": 28138,
          "url": "/photo/54298810/hanging-out-by-josh-norem",
          "user": Object {
            "affection": 21984,
            "avatars": Object {
              "default": Object {
                "https": "https://pacdn.500px.org/79677/7dfd80505fd6840face83c3237581ab00b05b97d/1.jpg?88",
              },
              "large": Object {
                "https": "https://pacdn.500px.org/79677/7dfd80505fd6840face83c3237581ab00b05b97d/2.jpg?88",
              },
              "small": Object {
                "https": "https://pacdn.500px.org/79677/7dfd80505fd6840face83c3237581ab00b05b97d/3.jpg?88",
              },
              "tiny": Object {
                "https": "https://pacdn.500px.org/79677/7dfd80505fd6840face83c3237581ab00b05b97d/4.jpg?88",
              },
            },
            "city": "San Francisco",
            "country": "USA",
            "cover_url": "https://pacdn.500px.org/79677/7dfd80505fd6840face83c3237581ab00b05b97d/cover_2048.jpg?14",
            "firstname": "Josh",
            "followers_count": 808,
            "fullname": "Josh Norem",
            "id": 79677,
            "lastname": "Norem",
            "store_on": true,
            "upgrade_status": 0,
            "username": "joshnorem",
            "userpic_https_url": "https://pacdn.500px.org/79677/7dfd80505fd6840face83c3237581ab00b05b97d/1.jpg?88",
            "userpic_url": "https://pacdn.500px.org/79677/7dfd80505fd6840face83c3237581ab00b05b97d/1.jpg?88",
            "usertype": 0,
          },
          "user_id": 79677,
          "votes_count": 397,
          "watermark": false,
          "width": 5368,
        },
        Object {
          "aperture": "2.8",
          "camera": "Canon EOS 5D Mark III",
          "category": 11,
          "collections_count": 15,
          "comments_count": 12,
          "converted": 27,
          "converted_bits": 27,
          "created_at": "2015-06-28T09:22:24-04:00",
          "crop_version": 2,
          "description": "http://kevin-v.com",
          "favorites_count": 25,
          "focal_length": "45",
          "for_sale": true,
          "for_sale_date": null,
          "height": 3840,
          "hi_res_uploaded": 0,
          "highest_rating": 92.9,
          "highest_rating_date": "2015-06-29T06:16:47-04:00",
          "id": 113383393,
          "image_format": "jpeg",
          "image_url": Array [
            "https://drscdn.500px.org/photo/113383393/w%3D280_h%3D280/ad0438689059e279a297571dcc6944b9?v=2",
            "https://drscdn.500px.org/photo/113383393/m%3D900_k%3D1_a%3D1/2baee30f831abe977e1a00d0d6239e62",
          ],
          "images": Array [
            Object {
              "format": "jpeg",
              "https_url": "https://drscdn.500px.org/photo/113383393/w%3D280_h%3D280/ad0438689059e279a297571dcc6944b9?v=2",
              "size": 3,
              "url": "https://drscdn.500px.org/photo/113383393/w%3D280_h%3D280/ad0438689059e279a297571dcc6944b9?v=2",
            },
            Object {
              "format": "jpeg",
              "https_url": "https://drscdn.500px.org/photo/113383393/m%3D900_k%3D1_a%3D1/2baee30f831abe977e1a00d0d6239e62",
              "size": 4,
              "url": "https://drscdn.500px.org/photo/113383393/m%3D900_k%3D1_a%3D1/2baee30f831abe977e1a00d0d6239e62",
            },
          ],
          "is_free_photo": false,
          "iso": "100",
          "latitude": 47.9899216674142,
          "lens": "EF24-70mm f/2.8L II USM",
          "license_type": 0,
          "licensing_requested": false,
          "licensing_suggested": false,
          "location": null,
          "longitude": -0.703125,
          "name": "oh fuck it\'s monday tomorrow!",
          "nsfw": false,
          "positive_votes_count": 263,
          "privacy": false,
          "profile": true,
          "rating": 49.5,
          "sales_count": 0,
          "shutter_speed": "1/160",
          "status": 1,
          "taken_at": "2015-06-21T13:53:03-04:00",
          "times_viewed": 23892,
          "url": "/photo/113383393/oh-fuck-it-s-monday-tomorrow-by-kevin-vandenberghe",
          "user": Object {
            "affection": 9615,
            "avatars": Object {
              "default": Object {
                "https": "https://pacdn.500px.org/1973593/c7b88c0a8d0395707247d7ea4479b5efaa93986c/1.jpg?5",
              },
              "large": Object {
                "https": "https://pacdn.500px.org/1973593/c7b88c0a8d0395707247d7ea4479b5efaa93986c/2.jpg?5",
              },
              "small": Object {
                "https": "https://pacdn.500px.org/1973593/c7b88c0a8d0395707247d7ea4479b5efaa93986c/3.jpg?5",
              },
              "tiny": Object {
                "https": "https://pacdn.500px.org/1973593/c7b88c0a8d0395707247d7ea4479b5efaa93986c/4.jpg?5",
              },
            },
            "city": "waregem",
            "country": "belgium",
            "cover_url": null,
            "firstname": "Kevin",
            "followers_count": 570,
            "fullname": "Kevin Vandenberghe",
            "id": 1973593,
            "lastname": "Vandenberghe",
            "store_on": true,
            "upgrade_status": 0,
            "username": "Kevin-V",
            "userpic_https_url": "https://pacdn.500px.org/1973593/c7b88c0a8d0395707247d7ea4479b5efaa93986c/1.jpg?5",
            "userpic_url": "https://pacdn.500px.org/1973593/c7b88c0a8d0395707247d7ea4479b5efaa93986c/1.jpg?5",
            "usertype": 0,
          },
          "user_id": 1973593,
          "votes_count": 263,
          "watermark": true,
          "width": 6005,
        },
        Object {
          "aperture": "3.2",
          "camera": "NIKON D700",
          "category": 11,
          "collections_count": 20,
          "comments_count": 7,
          "converted": 31,
          "converted_bits": 31,
          "created_at": "2012-10-25T23:28:19-04:00",
          "crop_version": 2,
          "description": "A Siamese kitten enjoying the afternoon sun in San Francisco. ",
          "favorites_count": 28,
          "focal_length": "105",
          "for_sale": true,
          "for_sale_date": null,
          "height": 2724,
          "hi_res_uploaded": 2,
          "highest_rating": 90.2,
          "highest_rating_date": "2012-10-27T01:12:28-04:00",
          "id": 16722085,
          "image_format": "jpeg",
          "image_url": Array [
            "https://drscdn.500px.org/photo/16722085/w%3D280_h%3D280/3da6edaa1b2dadfcec697d1cb0b7cefa?v=2",
            "https://drscdn.500px.org/photo/16722085/m%3D900_k%3D1_a%3D1/00b6a909ea7f029788eaf4a4dc533c6f",
          ],
          "images": Array [
            Object {
              "format": "jpeg",
              "https_url": "https://drscdn.500px.org/photo/16722085/w%3D280_h%3D280/3da6edaa1b2dadfcec697d1cb0b7cefa?v=2",
              "size": 3,
              "url": "https://drscdn.500px.org/photo/16722085/w%3D280_h%3D280/3da6edaa1b2dadfcec697d1cb0b7cefa?v=2",
            },
            Object {
              "format": "jpeg",
              "https_url": "https://drscdn.500px.org/photo/16722085/m%3D900_k%3D1_a%3D1/00b6a909ea7f029788eaf4a4dc533c6f",
              "size": 4,
              "url": "https://drscdn.500px.org/photo/16722085/m%3D900_k%3D1_a%3D1/00b6a909ea7f029788eaf4a4dc533c6f",
            },
          ],
          "is_free_photo": false,
          "iso": "500",
          "latitude": null,
          "lens": "",
          "license_type": 0,
          "licensing_requested": false,
          "licensing_suggested": false,
          "location": null,
          "longitude": null,
          "name": "Soft Siamese",
          "nsfw": false,
          "positive_votes_count": 167,
          "privacy": false,
          "profile": false,
          "rating": 49.3,
          "sales_count": 0,
          "shutter_speed": "1/100",
          "status": 1,
          "taken_at": "2012-05-21T15:10:28-04:00",
          "times_viewed": 17664,
          "url": "/photo/16722085/soft-siamese-by-josh-norem",
          "user": Object {
            "affection": 21984,
            "avatars": Object {
              "default": Object {
                "https": "https://pacdn.500px.org/79677/7dfd80505fd6840face83c3237581ab00b05b97d/1.jpg?88",
              },
              "large": Object {
                "https": "https://pacdn.500px.org/79677/7dfd80505fd6840face83c3237581ab00b05b97d/2.jpg?88",
              },
              "small": Object {
                "https": "https://pacdn.500px.org/79677/7dfd80505fd6840face83c3237581ab00b05b97d/3.jpg?88",
              },
              "tiny": Object {
                "https": "https://pacdn.500px.org/79677/7dfd80505fd6840face83c3237581ab00b05b97d/4.jpg?88",
              },
            },
            "city": "San Francisco",
            "country": "USA",
            "cover_url": "https://pacdn.500px.org/79677/7dfd80505fd6840face83c3237581ab00b05b97d/cover_2048.jpg?14",
            "firstname": "Josh",
            "followers_count": 808,
            "fullname": "Josh Norem",
            "id": 79677,
            "lastname": "Norem",
            "store_on": true,
            "upgrade_status": 0,
            "username": "joshnorem",
            "userpic_https_url": "https://pacdn.500px.org/79677/7dfd80505fd6840face83c3237581ab00b05b97d/1.jpg?88",
            "userpic_url": "https://pacdn.500px.org/79677/7dfd80505fd6840face83c3237581ab00b05b97d/1.jpg?88",
            "usertype": 0,
          },
          "user_id": 79677,
          "votes_count": 167,
          "watermark": false,
          "width": 3052,
        },
        Object {
          "aperture": "2.8",
          "camera": "NIKON D7100",
          "category": 11,
          "collections_count": 20,
          "comments_count": 5,
          "converted": 31,
          "converted_bits": 31,
          "created_at": "2014-06-07T11:35:03-04:00",
          "crop_version": 0,
          "description": "Ahimsa was launched on Thursday at the Zoo in Munich, where she should live together with another tiger. \"Ahimsa Goodbye\" and thank you for modeling.",
          "favorites_count": 31,
          "focal_length": "200",
          "for_sale": true,
          "for_sale_date": null,
          "height": 2297,
          "hi_res_uploaded": 2,
          "highest_rating": 89,
          "highest_rating_date": "2014-06-08T09:54:21-04:00",
          "id": 72946285,
          "image_format": "jpeg",
          "image_url": Array [
            "https://drscdn.500px.org/photo/72946285/w%3D280_h%3D280/8ecfe32db351e9ba94ee2119c6f314d8?v=0",
            "https://drscdn.500px.org/photo/72946285/m%3D900_k%3D1_a%3D1/2ab255212b6621d8bd0a5d1974bda3c4",
          ],
          "images": Array [
            Object {
              "format": "jpeg",
              "https_url": "https://drscdn.500px.org/photo/72946285/w%3D280_h%3D280/8ecfe32db351e9ba94ee2119c6f314d8?v=0",
              "size": 3,
              "url": "https://drscdn.500px.org/photo/72946285/w%3D280_h%3D280/8ecfe32db351e9ba94ee2119c6f314d8?v=0",
            },
            Object {
              "format": "jpeg",
              "https_url": "https://drscdn.500px.org/photo/72946285/m%3D900_k%3D1_a%3D1/2ab255212b6621d8bd0a5d1974bda3c4",
              "size": 4,
              "url": "https://drscdn.500px.org/photo/72946285/m%3D900_k%3D1_a%3D1/2ab255212b6621d8bd0a5d1974bda3c4",
            },
          ],
          "is_free_photo": false,
          "iso": "200",
          "latitude": null,
          "lens": null,
          "license_type": 0,
          "licensing_requested": false,
          "licensing_suggested": false,
          "location": null,
          "longitude": null,
          "name": "\"Farewell Ahimsa\"",
          "nsfw": false,
          "positive_votes_count": 156,
          "privacy": false,
          "profile": true,
          "rating": 49,
          "sales_count": 0,
          "shutter_speed": "1/200",
          "status": 1,
          "taken_at": "2014-05-23T12:16:52-04:00",
          "times_viewed": 10179,
          "url": "/photo/72946285/-farewell-ahimsa-by-michael-rehbein",
          "user": Object {
            "affection": 154972,
            "avatars": Object {
              "default": Object {
                "https": "https://pacdn.500px.org/1180577/28d5643268aab67ffae777602fff4ab0caec217d/1.jpg?7",
              },
              "large": Object {
                "https": "https://pacdn.500px.org/1180577/28d5643268aab67ffae777602fff4ab0caec217d/2.jpg?7",
              },
              "small": Object {
                "https": "https://pacdn.500px.org/1180577/28d5643268aab67ffae777602fff4ab0caec217d/3.jpg?7",
              },
              "tiny": Object {
                "https": "https://pacdn.500px.org/1180577/28d5643268aab67ffae777602fff4ab0caec217d/4.jpg?7",
              },
            },
            "city": "Höntrop",
            "country": "Deutschland",
            "cover_url": "https://pacdn.500px.org/1180577/28d5643268aab67ffae777602fff4ab0caec217d/cover_2048.jpg?31",
            "firstname": "Michael",
            "followers_count": 2383,
            "fullname": "Michael Rehbein",
            "id": 1180577,
            "lastname": "Rehbein",
            "store_on": true,
            "upgrade_status": 1,
            "username": "MichaelRehbein",
            "userpic_https_url": "https://pacdn.500px.org/1180577/28d5643268aab67ffae777602fff4ab0caec217d/1.jpg?7",
            "userpic_url": "https://pacdn.500px.org/1180577/28d5643268aab67ffae777602fff4ab0caec217d/1.jpg?7",
            "usertype": 0,
          },
          "user_id": 1180577,
          "votes_count": 156,
          "watermark": false,
          "width": 4896,
        },
        Object {
          "aperture": "5.6",
          "camera": "NIKON D800",
          "category": 11,
          "collections_count": 42,
          "comments_count": 5,
          "converted": 31,
          "converted_bits": 31,
          "created_at": "2014-01-26T17:55:46-05:00",
          "crop_version": 0,
          "description": "This little tabby kitten was just pulled out of a shelter, and is a bit shy and timid. He let me pick him up and give him some cheek rubs though, and he was purring up a storm the whole time.",
          "favorites_count": 31,
          "focal_length": "105",
          "for_sale": true,
          "for_sale_date": null,
          "height": 6480,
          "hi_res_uploaded": 2,
          "highest_rating": 91.1,
          "highest_rating_date": "2014-01-27T13:48:18-05:00",
          "id": 59101464,
          "image_format": "jpeg",
          "image_url": Array [
            "https://drscdn.500px.org/photo/59101464/w%3D280_h%3D280/1c13ffdc91b8c23dbc78ffa591b8b0f7?v=0",
            "https://drscdn.500px.org/photo/59101464/m%3D900_k%3D1_a%3D1/724c4c8de7482a824b3fff234138d8cb",
          ],
          "images": Array [
            Object {
              "format": "jpeg",
              "https_url": "https://drscdn.500px.org/photo/59101464/w%3D280_h%3D280/1c13ffdc91b8c23dbc78ffa591b8b0f7?v=0",
              "size": 3,
              "url": "https://drscdn.500px.org/photo/59101464/w%3D280_h%3D280/1c13ffdc91b8c23dbc78ffa591b8b0f7?v=0",
            },
            Object {
              "format": "jpeg",
              "https_url": "https://drscdn.500px.org/photo/59101464/m%3D900_k%3D1_a%3D1/724c4c8de7482a824b3fff234138d8cb",
              "size": 4,
              "url": "https://drscdn.500px.org/photo/59101464/m%3D900_k%3D1_a%3D1/724c4c8de7482a824b3fff234138d8cb",
            },
          ],
          "is_free_photo": false,
          "iso": "1600",
          "latitude": null,
          "lens": null,
          "license_type": 0,
          "licensing_requested": false,
          "licensing_suggested": false,
          "location": null,
          "longitude": null,
          "name": "Shy Little One",
          "nsfw": false,
          "positive_votes_count": 276,
          "privacy": false,
          "profile": true,
          "rating": 49.5,
          "sales_count": 0,
          "shutter_speed": "1/250",
          "status": 1,
          "taken_at": "2014-01-24T08:11:02-05:00",
          "times_viewed": 30264,
          "url": "/photo/59101464/shy-little-one-by-josh-norem",
          "user": Object {
            "affection": 21984,
            "avatars": Object {
              "default": Object {
                "https": "https://pacdn.500px.org/79677/7dfd80505fd6840face83c3237581ab00b05b97d/1.jpg?88",
              },
              "large": Object {
                "https": "https://pacdn.500px.org/79677/7dfd80505fd6840face83c3237581ab00b05b97d/2.jpg?88",
              },
              "small": Object {
                "https": "https://pacdn.500px.org/79677/7dfd80505fd6840face83c3237581ab00b05b97d/3.jpg?88",
              },
              "tiny": Object {
                "https": "https://pacdn.500px.org/79677/7dfd80505fd6840face83c3237581ab00b05b97d/4.jpg?88",
              },
            },
            "city": "San Francisco",
            "country": "USA",
            "cover_url": "https://pacdn.500px.org/79677/7dfd80505fd6840face83c3237581ab00b05b97d/cover_2048.jpg?14",
            "firstname": "Josh",
            "followers_count": 808,
            "fullname": "Josh Norem",
            "id": 79677,
            "lastname": "Norem",
            "store_on": true,
            "upgrade_status": 0,
            "username": "joshnorem",
            "userpic_https_url": "https://pacdn.500px.org/79677/7dfd80505fd6840face83c3237581ab00b05b97d/1.jpg?88",
            "userpic_url": "https://pacdn.500px.org/79677/7dfd80505fd6840face83c3237581ab00b05b97d/1.jpg?88",
            "usertype": 0,
          },
          "user_id": 79677,
          "votes_count": 276,
          "watermark": false,
          "width": 4912,
        },
        Object {
          "aperture": "1.4",
          "camera": "NIKON D810",
          "category": 11,
          "collections_count": 25,
          "comments_count": 0,
          "converted": 27,
          "converted_bits": 27,
          "created_at": "2015-06-07T16:08:19-04:00",
          "crop_version": 2,
          "description": "Annoyed Cat",
          "favorites_count": 14,
          "focal_length": "85",
          "for_sale": true,
          "for_sale_date": null,
          "height": 3200,
          "hi_res_uploaded": 0,
          "highest_rating": 91.1,
          "highest_rating_date": "2015-06-08T10:02:00-04:00",
          "id": 111277863,
          "image_format": "jpeg",
          "image_url": Array [
            "https://drscdn.500px.org/photo/111277863/w%3D280_h%3D280/3570b2b75334ead484269001d9c920c6?v=2",
            "https://drscdn.500px.org/photo/111277863/m%3D900_k%3D1_a%3D1/f173c9b1caab12a3b65fb45cb2555e0b",
          ],
          "images": Array [
            Object {
              "format": "jpeg",
              "https_url": "https://drscdn.500px.org/photo/111277863/w%3D280_h%3D280/3570b2b75334ead484269001d9c920c6?v=2",
              "size": 3,
              "url": "https://drscdn.500px.org/photo/111277863/w%3D280_h%3D280/3570b2b75334ead484269001d9c920c6?v=2",
            },
            Object {
              "format": "jpeg",
              "https_url": "https://drscdn.500px.org/photo/111277863/m%3D900_k%3D1_a%3D1/f173c9b1caab12a3b65fb45cb2555e0b",
              "size": 4,
              "url": "https://drscdn.500px.org/photo/111277863/m%3D900_k%3D1_a%3D1/f173c9b1caab12a3b65fb45cb2555e0b",
            },
          ],
          "is_free_photo": false,
          "iso": "90",
          "latitude": null,
          "lens": "85.0 mm f/1.4",
          "license_type": 0,
          "licensing_requested": false,
          "licensing_suggested": false,
          "location": null,
          "longitude": null,
          "name": "\"Get, That, Stupid Camera, Outta My Face.\"",
          "nsfw": false,
          "positive_votes_count": 272,
          "privacy": false,
          "profile": true,
          "rating": 49.5,
          "sales_count": 0,
          "shutter_speed": "1/1000",
          "status": 1,
          "taken_at": "2015-06-07T13:34:07-04:00",
          "times_viewed": 23440,
          "url": "/photo/111277863/-get-that-stupid-camera-outta-my-face-by-larry-j-stevenson",
          "user": Object {
            "affection": 1615,
            "avatars": Object {
              "default": Object {
                "https": "https://pacdn.500px.org/10335057/812c18cb44646e0650cbacfbff08e3513b24e306/1.jpg?2",
              },
              "large": Object {
                "https": "https://pacdn.500px.org/10335057/812c18cb44646e0650cbacfbff08e3513b24e306/2.jpg?2",
              },
              "small": Object {
                "https": "https://pacdn.500px.org/10335057/812c18cb44646e0650cbacfbff08e3513b24e306/3.jpg?2",
              },
              "tiny": Object {
                "https": "https://pacdn.500px.org/10335057/812c18cb44646e0650cbacfbff08e3513b24e306/4.jpg?2",
              },
            },
            "city": "Springfield",
            "country": "USA",
            "cover_url": "https://pacdn.500px.org/10335057/812c18cb44646e0650cbacfbff08e3513b24e306/cover_2048.jpg?8",
            "firstname": "Larry J.",
            "followers_count": 43,
            "fullname": "Larry J. Stevenson",
            "id": 10335057,
            "lastname": "Stevenson",
            "store_on": true,
            "upgrade_status": 0,
            "username": "3littleguys",
            "userpic_https_url": "https://pacdn.500px.org/10335057/812c18cb44646e0650cbacfbff08e3513b24e306/1.jpg?2",
            "userpic_url": "https://pacdn.500px.org/10335057/812c18cb44646e0650cbacfbff08e3513b24e306/1.jpg?2",
            "usertype": 0,
          },
          "user_id": 10335057,
          "votes_count": 272,
          "watermark": true,
          "width": 4800,
        },
        Object {
          "aperture": "10",
          "camera": "NIKON D800",
          "category": 11,
          "collections_count": 22,
          "comments_count": 4,
          "converted": 31,
          "converted_bits": 31,
          "created_at": "2014-02-02T19:07:52-05:00",
          "crop_version": 0,
          "description": "Benedict the Siamese cat, maybe even a purebred, thrown out of a car and into the loving arms of Saving Grace Rescue.",
          "favorites_count": 26,
          "focal_length": "105",
          "for_sale": true,
          "for_sale_date": null,
          "height": 4912,
          "hi_res_uploaded": 2,
          "highest_rating": 92.8,
          "highest_rating_date": "2014-02-03T17:34:18-05:00",
          "id": 59808318,
          "image_format": "jpeg",
          "image_url": Array [
            "https://drscdn.500px.org/photo/59808318/w%3D280_h%3D280/f1e0085f28490ca494764562e8e96f2e?v=0",
            "https://drscdn.500px.org/photo/59808318/m%3D900_k%3D1_a%3D1/8e4988bb8f7c5d476ffd97780d7e465a",
          ],
          "images": Array [
            Object {
              "format": "jpeg",
              "https_url": "https://drscdn.500px.org/photo/59808318/w%3D280_h%3D280/f1e0085f28490ca494764562e8e96f2e?v=0",
              "size": 3,
              "url": "https://drscdn.500px.org/photo/59808318/w%3D280_h%3D280/f1e0085f28490ca494764562e8e96f2e?v=0",
            },
            Object {
              "format": "jpeg",
              "https_url": "https://drscdn.500px.org/photo/59808318/m%3D900_k%3D1_a%3D1/8e4988bb8f7c5d476ffd97780d7e465a",
              "size": 4,
              "url": "https://drscdn.500px.org/photo/59808318/m%3D900_k%3D1_a%3D1/8e4988bb8f7c5d476ffd97780d7e465a",
            },
          ],
          "is_free_photo": false,
          "iso": "1600",
          "latitude": null,
          "lens": null,
          "license_type": 0,
          "licensing_requested": false,
          "licensing_suggested": false,
          "location": null,
          "longitude": null,
          "name": "Siamese",
          "nsfw": false,
          "positive_votes_count": 213,
          "privacy": false,
          "profile": true,
          "rating": 49.4,
          "sales_count": 0,
          "shutter_speed": "1/250",
          "status": 1,
          "taken_at": "2014-02-02T02:46:40-05:00",
          "times_viewed": 26670,
          "url": "/photo/59808318/siamese-by-josh-norem",
          "user": Object {
            "affection": 21984,
            "avatars": Object {
              "default": Object {
                "https": "https://pacdn.500px.org/79677/7dfd80505fd6840face83c3237581ab00b05b97d/1.jpg?88",
              },
              "large": Object {
                "https": "https://pacdn.500px.org/79677/7dfd80505fd6840face83c3237581ab00b05b97d/2.jpg?88",
              },
              "small": Object {
                "https": "https://pacdn.500px.org/79677/7dfd80505fd6840face83c3237581ab00b05b97d/3.jpg?88",
              },
              "tiny": Object {
                "https": "https://pacdn.500px.org/79677/7dfd80505fd6840face83c3237581ab00b05b97d/4.jpg?88",
              },
            },
            "city": "San Francisco",
            "country": "USA",
            "cover_url": "https://pacdn.500px.org/79677/7dfd80505fd6840face83c3237581ab00b05b97d/cover_2048.jpg?14",
            "firstname": "Josh",
            "followers_count": 808,
            "fullname": "Josh Norem",
            "id": 79677,
            "lastname": "Norem",
            "store_on": true,
            "upgrade_status": 0,
            "username": "joshnorem",
            "userpic_https_url": "https://pacdn.500px.org/79677/7dfd80505fd6840face83c3237581ab00b05b97d/1.jpg?88",
            "userpic_url": "https://pacdn.500px.org/79677/7dfd80505fd6840face83c3237581ab00b05b97d/1.jpg?88",
            "usertype": 0,
          },
          "user_id": 79677,
          "votes_count": 213,
          "watermark": false,
          "width": 5744,
        },
        Object {
          "aperture": "2.8",
          "camera": "NIKON D750",
          "category": 11,
          "collections_count": 53,
          "comments_count": 5,
          "converted": 27,
          "converted_bits": 27,
          "created_at": "2015-06-17T10:41:44-04:00",
          "crop_version": 2,
          "description": null,
          "favorites_count": 14,
          "focal_length": "70",
          "for_sale": true,
          "for_sale_date": null,
          "height": 1786,
          "hi_res_uploaded": 0,
          "highest_rating": 85.8,
          "highest_rating_date": "2015-06-18T01:54:41-04:00",
          "id": 112268887,
          "image_format": "jpeg",
          "image_url": Array [
            "https://drscdn.500px.org/photo/112268887/w%3D280_h%3D280/8c6776e7713e341f3429652c5df70303?v=2",
            "https://drscdn.500px.org/photo/112268887/m%3D900_k%3D1_a%3D1/1f8e29c9cf53f540172da1f559dab640",
          ],
          "images": Array [
            Object {
              "format": "jpeg",
              "https_url": "https://drscdn.500px.org/photo/112268887/w%3D280_h%3D280/8c6776e7713e341f3429652c5df70303?v=2",
              "size": 3,
              "url": "https://drscdn.500px.org/photo/112268887/w%3D280_h%3D280/8c6776e7713e341f3429652c5df70303?v=2",
            },
            Object {
              "format": "jpeg",
              "https_url": "https://drscdn.500px.org/photo/112268887/m%3D900_k%3D1_a%3D1/1f8e29c9cf53f540172da1f559dab640",
              "size": 4,
              "url": "https://drscdn.500px.org/photo/112268887/m%3D900_k%3D1_a%3D1/1f8e29c9cf53f540172da1f559dab640",
            },
          ],
          "is_free_photo": false,
          "iso": "100",
          "latitude": null,
          "lens": "24.0-70.0 mm f/2.8",
          "license_type": 0,
          "licensing_requested": false,
          "licensing_suggested": false,
          "location": null,
          "longitude": null,
          "name": "eye of the tiger",
          "nsfw": false,
          "positive_votes_count": 287,
          "privacy": false,
          "profile": true,
          "rating": 49.6,
          "sales_count": 0,
          "shutter_speed": "1/320",
          "status": 1,
          "taken_at": "2015-03-15T17:21:42-04:00",
          "times_viewed": 18630,
          "url": "/photo/112268887/eye-of-the-tiger-by-romsha-golos",
          "user": Object {
            "affection": 2930,
            "avatars": Object {
              "default": Object {
                "https": "https://graph.facebook.com/783522405079031/picture?height=100&width=100",
              },
              "large": Object {
                "https": "https://graph.facebook.com/783522405079031/picture?height=100&width=100",
              },
              "small": Object {
                "https": "https://graph.facebook.com/783522405079031/picture?height=100&width=100",
              },
              "tiny": Object {
                "https": "https://graph.facebook.com/783522405079031/picture?height=100&width=100",
              },
            },
            "city": "Moscow",
            "country": "Russian Federation",
            "cover_url": "https://pacdn.500px.org/13219395/4de40e6aadd0a90e871db482d51aefc67ebd9bfc/cover_2048.jpg?1",
            "firstname": "Romsha",
            "followers_count": 42,
            "fullname": "Romsha Golos",
            "id": 13219395,
            "lastname": "Golos",
            "store_on": true,
            "upgrade_status": 0,
            "username": "RomshaGolos",
            "userpic_https_url": "https://graph.facebook.com/783522405079031/picture?height=100&width=100",
            "userpic_url": "https://graph.facebook.com/783522405079031/picture?height=100&width=100",
            "usertype": 0,
          },
          "user_id": 13219395,
          "votes_count": 287,
          "watermark": false,
          "width": 2481,
        },
        Object {
          "aperture": "2.8",
          "camera": "NIKON D7100",
          "category": 11,
          "collections_count": 15,
          "comments_count": 2,
          "converted": 31,
          "converted_bits": 31,
          "created_at": "2014-08-15T01:01:05-04:00",
          "crop_version": 0,
          "description": null,
          "favorites_count": 25,
          "focal_length": "155",
          "for_sale": true,
          "for_sale_date": null,
          "height": 4000,
          "hi_res_uploaded": 2,
          "highest_rating": 90.9,
          "highest_rating_date": "2014-08-15T23:32:02-04:00",
          "id": 79759257,
          "image_format": "jpeg",
          "image_url": Array [
            "https://drscdn.500px.org/photo/79759257/w%3D280_h%3D280/adb108f47ae3c6058efa72bae7fd5ea1?v=0",
            "https://drscdn.500px.org/photo/79759257/m%3D900_k%3D1_a%3D1/74891820f8e26f6c4bd4c3ac14b428ba",
          ],
          "images": Array [
            Object {
              "format": "jpeg",
              "https_url": "https://drscdn.500px.org/photo/79759257/w%3D280_h%3D280/adb108f47ae3c6058efa72bae7fd5ea1?v=0",
              "size": 3,
              "url": "https://drscdn.500px.org/photo/79759257/w%3D280_h%3D280/adb108f47ae3c6058efa72bae7fd5ea1?v=0",
            },
            Object {
              "format": "jpeg",
              "https_url": "https://drscdn.500px.org/photo/79759257/m%3D900_k%3D1_a%3D1/74891820f8e26f6c4bd4c3ac14b428ba",
              "size": 4,
              "url": "https://drscdn.500px.org/photo/79759257/m%3D900_k%3D1_a%3D1/74891820f8e26f6c4bd4c3ac14b428ba",
            },
          ],
          "is_free_photo": false,
          "iso": "180",
          "latitude": null,
          "lens": null,
          "license_type": 0,
          "licensing_requested": false,
          "licensing_suggested": false,
          "location": null,
          "longitude": null,
          "name": "\"carefully entering the water\"",
          "nsfw": false,
          "positive_votes_count": 115,
          "privacy": false,
          "profile": true,
          "rating": 48.6,
          "sales_count": 0,
          "shutter_speed": "1/200",
          "status": 1,
          "taken_at": "2014-08-14T10:55:06-04:00",
          "times_viewed": 12162,
          "url": "/photo/79759257/-carefully-entering-the-water-by-michael-rehbein",
          "user": Object {
            "affection": 154972,
            "avatars": Object {
              "default": Object {
                "https": "https://pacdn.500px.org/1180577/28d5643268aab67ffae777602fff4ab0caec217d/1.jpg?7",
              },
              "large": Object {
                "https": "https://pacdn.500px.org/1180577/28d5643268aab67ffae777602fff4ab0caec217d/2.jpg?7",
              },
              "small": Object {
                "https": "https://pacdn.500px.org/1180577/28d5643268aab67ffae777602fff4ab0caec217d/3.jpg?7",
              },
              "tiny": Object {
                "https": "https://pacdn.500px.org/1180577/28d5643268aab67ffae777602fff4ab0caec217d/4.jpg?7",
              },
            },
            "city": "Höntrop",
            "country": "Deutschland",
            "cover_url": "https://pacdn.500px.org/1180577/28d5643268aab67ffae777602fff4ab0caec217d/cover_2048.jpg?31",
            "firstname": "Michael",
            "followers_count": 2383,
            "fullname": "Michael Rehbein",
            "id": 1180577,
            "lastname": "Rehbein",
            "store_on": true,
            "upgrade_status": 1,
            "username": "MichaelRehbein",
            "userpic_https_url": "https://pacdn.500px.org/1180577/28d5643268aab67ffae777602fff4ab0caec217d/1.jpg?7",
            "userpic_url": "https://pacdn.500px.org/1180577/28d5643268aab67ffae777602fff4ab0caec217d/1.jpg?7",
            "usertype": 0,
          },
          "user_id": 1180577,
          "votes_count": 115,
          "watermark": false,
          "width": 6000,
        },
        Object {
          "aperture": "3",
          "camera": "NIKON D800",
          "category": 11,
          "collections_count": 27,
          "comments_count": 15,
          "converted": 31,
          "converted_bits": 31,
          "created_at": "2013-02-26T00:16:26-05:00",
          "crop_version": 2,
          "description": "This little tabby kitten had just finished lunch; probably not the best time for a photo shoot :D",
          "favorites_count": 40,
          "focal_length": "105",
          "for_sale": true,
          "for_sale_date": null,
          "height": 5480,
          "hi_res_uploaded": 2,
          "highest_rating": 94.3,
          "highest_rating_date": "2013-02-27T00:49:01-05:00",
          "id": 26876155,
          "image_format": "jpeg",
          "image_url": Array [
            "https://drscdn.500px.org/photo/26876155/w%3D280_h%3D280/acd15a06029563250cf25c8b8ab0aa99?v=2",
            "https://drscdn.500px.org/photo/26876155/m%3D900_k%3D1_a%3D1/e3f3066a1ba67e1df554dd14ff227ecf",
          ],
          "images": Array [
            Object {
              "format": "jpeg",
              "https_url": "https://drscdn.500px.org/photo/26876155/w%3D280_h%3D280/acd15a06029563250cf25c8b8ab0aa99?v=2",
              "size": 3,
              "url": "https://drscdn.500px.org/photo/26876155/w%3D280_h%3D280/acd15a06029563250cf25c8b8ab0aa99?v=2",
            },
            Object {
              "format": "jpeg",
              "https_url": "https://drscdn.500px.org/photo/26876155/m%3D900_k%3D1_a%3D1/e3f3066a1ba67e1df554dd14ff227ecf",
              "size": 4,
              "url": "https://drscdn.500px.org/photo/26876155/m%3D900_k%3D1_a%3D1/e3f3066a1ba67e1df554dd14ff227ecf",
            },
          ],
          "is_free_photo": false,
          "iso": "800",
          "latitude": null,
          "lens": null,
          "license_type": 0,
          "licensing_requested": false,
          "licensing_suggested": false,
          "location": null,
          "longitude": null,
          "name": "Got Milk?",
          "nsfw": false,
          "positive_votes_count": 217,
          "privacy": false,
          "profile": true,
          "rating": 49.4,
          "sales_count": 0,
          "shutter_speed": "1/250",
          "status": 1,
          "taken_at": "2013-02-23T04:20:50-05:00",
          "times_viewed": 22160,
          "url": "/photo/26876155/got-milk-by-josh-norem",
          "user": Object {
            "affection": 21984,
            "avatars": Object {
              "default": Object {
                "https": "https://pacdn.500px.org/79677/7dfd80505fd6840face83c3237581ab00b05b97d/1.jpg?88",
              },
              "large": Object {
                "https": "https://pacdn.500px.org/79677/7dfd80505fd6840face83c3237581ab00b05b97d/2.jpg?88",
              },
              "small": Object {
                "https": "https://pacdn.500px.org/79677/7dfd80505fd6840face83c3237581ab00b05b97d/3.jpg?88",
              },
              "tiny": Object {
                "https": "https://pacdn.500px.org/79677/7dfd80505fd6840face83c3237581ab00b05b97d/4.jpg?88",
              },
            },
            "city": "San Francisco",
            "country": "USA",
            "cover_url": "https://pacdn.500px.org/79677/7dfd80505fd6840face83c3237581ab00b05b97d/cover_2048.jpg?14",
            "firstname": "Josh",
            "followers_count": 808,
            "fullname": "Josh Norem",
            "id": 79677,
            "lastname": "Norem",
            "store_on": true,
            "upgrade_status": 0,
            "username": "joshnorem",
            "userpic_https_url": "https://pacdn.500px.org/79677/7dfd80505fd6840face83c3237581ab00b05b97d/1.jpg?88",
            "userpic_url": "https://pacdn.500px.org/79677/7dfd80505fd6840face83c3237581ab00b05b97d/1.jpg?88",
            "usertype": 0,
          },
          "user_id": 79677,
          "votes_count": 217,
          "watermark": false,
          "width": 4704,
        },
        Object {
          "aperture": "5.6",
          "camera": "",
          "category": 11,
          "collections_count": 38,
          "comments_count": 12,
          "converted": 31,
          "converted_bits": 31,
          "created_at": "2015-07-05T07:02:17-04:00",
          "crop_version": 6,
          "description": "A particularly captivating shot of a mature male Jaguar through broken light from above. With the foreground taking up quite so much of the frame, the intensity of the stare is even more defined. The dark backdrop contrasts hugely with the fierce pride of the cat and his penetrating stare.
      
      www.lightorflight.com",
          "favorites_count": 47,
          "focal_length": "160",
          "for_sale": true,
          "for_sale_date": null,
          "height": 2763,
          "hi_res_uploaded": 2,
          "highest_rating": 91.5,
          "highest_rating_date": "2015-07-06T05:50:24-04:00",
          "id": 114080513,
          "image_format": "jpeg",
          "image_url": Array [
            "https://drscdn.500px.org/photo/114080513/w%3D280_h%3D280/1afe0b5a329900aa62aa53845009c20d?v=6",
            "https://drscdn.500px.org/photo/114080513/m%3D900_k%3D1_a%3D1/4fc4bbb0a6df2aa75badaab2339045e0",
          ],
          "images": Array [
            Object {
              "format": "jpeg",
              "https_url": "https://drscdn.500px.org/photo/114080513/w%3D280_h%3D280/1afe0b5a329900aa62aa53845009c20d?v=6",
              "size": 3,
              "url": "https://drscdn.500px.org/photo/114080513/w%3D280_h%3D280/1afe0b5a329900aa62aa53845009c20d?v=6",
            },
            Object {
              "format": "jpeg",
              "https_url": "https://drscdn.500px.org/photo/114080513/m%3D900_k%3D1_a%3D1/4fc4bbb0a6df2aa75badaab2339045e0",
              "size": 4,
              "url": "https://drscdn.500px.org/photo/114080513/m%3D900_k%3D1_a%3D1/4fc4bbb0a6df2aa75badaab2339045e0",
            },
          ],
          "is_free_photo": false,
          "iso": "400",
          "latitude": null,
          "lens": "",
          "license_type": 0,
          "licensing_requested": false,
          "licensing_suggested": false,
          "location": null,
          "longitude": null,
          "name": "Stare - Jaguar (Pardus onca)",
          "nsfw": false,
          "positive_votes_count": 286,
          "privacy": false,
          "profile": true,
          "rating": 49.5,
          "sales_count": 1,
          "shutter_speed": "1/400",
          "status": 1,
          "taken_at": "2012-10-05T01:49:28-04:00",
          "times_viewed": 29951,
          "url": "/photo/114080513/stare-jaguar-pardus-onca-by-hugo-lightorflight-com",
          "user": Object {
            "affection": 1165,
            "avatars": Object {
              "default": Object {
                "https": "https://pacdn.500px.org/12785203/ac6590795e032e62741d653abd378429381762b0/1.jpg?10",
              },
              "large": Object {
                "https": "https://pacdn.500px.org/12785203/ac6590795e032e62741d653abd378429381762b0/2.jpg?10",
              },
              "small": Object {
                "https": "https://pacdn.500px.org/12785203/ac6590795e032e62741d653abd378429381762b0/3.jpg?10",
              },
              "tiny": Object {
                "https": "https://pacdn.500px.org/12785203/ac6590795e032e62741d653abd378429381762b0/4.jpg?10",
              },
            },
            "city": "London",
            "country": "U.K.",
            "cover_url": "https://pacdn.500px.org/12785203/ac6590795e032e62741d653abd378429381762b0/cover_2048.jpg?34",
            "firstname": "Hugo",
            "followers_count": 81,
            "fullname": "Hugo | lightorflight.com",
            "id": 12785203,
            "lastname": "| lightorflight.com",
            "store_on": true,
            "upgrade_status": 0,
            "username": "lightorflight",
            "userpic_https_url": "https://pacdn.500px.org/12785203/ac6590795e032e62741d653abd378429381762b0/1.jpg?10",
            "userpic_url": "https://pacdn.500px.org/12785203/ac6590795e032e62741d653abd378429381762b0/1.jpg?10",
            "usertype": 0,
          },
          "user_id": 12785203,
          "votes_count": 286,
          "watermark": true,
          "width": 4912,
        },
        Object {
          "aperture": "4.5",
          "camera": "Canon EOS 70D",
          "category": 5,
          "collections_count": 48,
          "comments_count": 19,
          "converted": 31,
          "converted_bits": 31,
          "created_at": "2014-06-07T15:40:19-04:00",
          "crop_version": 0,
          "description": "Erhabenheit.",
          "favorites_count": 50,
          "focal_length": "105",
          "for_sale": true,
          "for_sale_date": null,
          "height": 3648,
          "hi_res_uploaded": 2,
          "highest_rating": 90.7,
          "highest_rating_date": "2014-06-08T15:37:06-04:00",
          "id": 72967163,
          "image_format": "jpeg",
          "image_url": Array [
            "https://drscdn.500px.org/photo/72967163/w%3D280_h%3D280/3a5d1a4b90c9f3d4f5a98c723e110032?v=0",
            "https://drscdn.500px.org/photo/72967163/m%3D900_k%3D1_a%3D1/88df94093d1c838dc6ed605aa1099ba2",
          ],
          "images": Array [
            Object {
              "format": "jpeg",
              "https_url": "https://drscdn.500px.org/photo/72967163/w%3D280_h%3D280/3a5d1a4b90c9f3d4f5a98c723e110032?v=0",
              "size": 3,
              "url": "https://drscdn.500px.org/photo/72967163/w%3D280_h%3D280/3a5d1a4b90c9f3d4f5a98c723e110032?v=0",
            },
            Object {
              "format": "jpeg",
              "https_url": "https://drscdn.500px.org/photo/72967163/m%3D900_k%3D1_a%3D1/88df94093d1c838dc6ed605aa1099ba2",
              "size": 4,
              "url": "https://drscdn.500px.org/photo/72967163/m%3D900_k%3D1_a%3D1/88df94093d1c838dc6ed605aa1099ba2",
            },
          ],
          "is_free_photo": false,
          "iso": "500",
          "latitude": 47.5875332186245,
          "lens": null,
          "license_type": 0,
          "licensing_requested": false,
          "licensing_suggested": false,
          "location": null,
          "longitude": 8.22673951479373,
          "name": "Sublimity",
          "nsfw": false,
          "positive_votes_count": 448,
          "privacy": false,
          "profile": true,
          "rating": 49.7,
          "sales_count": 0,
          "shutter_speed": "1/160",
          "status": 1,
          "taken_at": "2014-06-06T20:40:08-04:00",
          "times_viewed": 22916,
          "url": "/photo/72967163/sublimity-by-ivo-rombaldoni",
          "user": Object {
            "affection": 3967,
            "avatars": Object {
              "default": Object {
                "https": "https://pacdn.500px.org/7248159/180785ca279ca98516877c51a95de4ffa67cdf02/1.jpg?5",
              },
              "large": Object {
                "https": "https://pacdn.500px.org/7248159/180785ca279ca98516877c51a95de4ffa67cdf02/2.jpg?5",
              },
              "small": Object {
                "https": "https://pacdn.500px.org/7248159/180785ca279ca98516877c51a95de4ffa67cdf02/3.jpg?5",
              },
              "tiny": Object {
                "https": "https://pacdn.500px.org/7248159/180785ca279ca98516877c51a95de4ffa67cdf02/4.jpg?5",
              },
            },
            "city": "Klingnau / Gippingen",
            "country": "Switzerland",
            "cover_url": "https://pacdn.500px.org/7248159/180785ca279ca98516877c51a95de4ffa67cdf02/cover_2048.jpg?28",
            "firstname": "Ivo",
            "followers_count": 122,
            "fullname": "Ivo Rombaldoni",
            "id": 7248159,
            "lastname": "Rombaldoni",
            "store_on": true,
            "upgrade_status": 0,
            "username": "IvoRombaldoni",
            "userpic_https_url": "https://pacdn.500px.org/7248159/180785ca279ca98516877c51a95de4ffa67cdf02/1.jpg?5",
            "userpic_url": "https://pacdn.500px.org/7248159/180785ca279ca98516877c51a95de4ffa67cdf02/1.jpg?5",
            "usertype": 0,
          },
          "user_id": 7248159,
          "votes_count": 448,
          "watermark": false,
          "width": 5472,
        },
        Object {
          "aperture": null,
          "camera": null,
          "category": 11,
          "collections_count": 19,
          "comments_count": 3,
          "converted": 27,
          "converted_bits": 27,
          "created_at": "2015-08-31T10:48:15-04:00",
          "crop_version": 2,
          "description": null,
          "favorites_count": 12,
          "focal_length": null,
          "for_sale": true,
          "for_sale_date": null,
          "height": 1837,
          "hi_res_uploaded": 0,
          "highest_rating": 85.2,
          "highest_rating_date": "2015-08-31T13:43:55-04:00",
          "id": 120152835,
          "image_format": "jpeg",
          "image_url": Array [
            "https://drscdn.500px.org/photo/120152835/w%3D280_h%3D280/27eff1a4ddfc77b62386f1e9da16a6e8?v=2",
            "https://drscdn.500px.org/photo/120152835/m%3D900_k%3D1_a%3D1/a9e6f8f3cc41722c8d32bf6ff8e8e2dd",
          ],
          "images": Array [
            Object {
              "format": "jpeg",
              "https_url": "https://drscdn.500px.org/photo/120152835/w%3D280_h%3D280/27eff1a4ddfc77b62386f1e9da16a6e8?v=2",
              "size": 3,
              "url": "https://drscdn.500px.org/photo/120152835/w%3D280_h%3D280/27eff1a4ddfc77b62386f1e9da16a6e8?v=2",
            },
            Object {
              "format": "jpeg",
              "https_url": "https://drscdn.500px.org/photo/120152835/m%3D900_k%3D1_a%3D1/a9e6f8f3cc41722c8d32bf6ff8e8e2dd",
              "size": 4,
              "url": "https://drscdn.500px.org/photo/120152835/m%3D900_k%3D1_a%3D1/a9e6f8f3cc41722c8d32bf6ff8e8e2dd",
            },
          ],
          "is_free_photo": false,
          "iso": null,
          "latitude": null,
          "lens": null,
          "license_type": 0,
          "licensing_requested": false,
          "licensing_suggested": false,
          "location": null,
          "longitude": null,
          "name": "Kind of blue",
          "nsfw": false,
          "positive_votes_count": 200,
          "privacy": false,
          "profile": true,
          "rating": 49.3,
          "sales_count": 0,
          "shutter_speed": null,
          "status": 1,
          "taken_at": null,
          "times_viewed": 17334,
          "url": "/photo/120152835/kind-of-blue-by-andr%C3%A9s-granollers",
          "user": Object {
            "affection": 1474,
            "avatars": Object {
              "default": Object {
                "https": "https://pacdn.500px.org/8579923/d427a96d5c602106a9888fffdf11c4fc6ccfcdeb/1.jpg?2",
              },
              "large": Object {
                "https": "https://pacdn.500px.org/8579923/d427a96d5c602106a9888fffdf11c4fc6ccfcdeb/2.jpg?2",
              },
              "small": Object {
                "https": "https://pacdn.500px.org/8579923/d427a96d5c602106a9888fffdf11c4fc6ccfcdeb/3.jpg?2",
              },
              "tiny": Object {
                "https": "https://pacdn.500px.org/8579923/d427a96d5c602106a9888fffdf11c4fc6ccfcdeb/4.jpg?2",
              },
            },
            "city": "Barcelona",
            "country": "Spain",
            "cover_url": "https://pacdn.500px.org/8579923/d427a96d5c602106a9888fffdf11c4fc6ccfcdeb/cover_2048.jpg?17",
            "firstname": "Andrés",
            "followers_count": 25,
            "fullname": "Andrés Granollers",
            "id": 8579923,
            "lastname": "Granollers",
            "store_on": true,
            "upgrade_status": 1,
            "username": "andres0",
            "userpic_https_url": "https://pacdn.500px.org/8579923/d427a96d5c602106a9888fffdf11c4fc6ccfcdeb/1.jpg?2",
            "userpic_url": "https://pacdn.500px.org/8579923/d427a96d5c602106a9888fffdf11c4fc6ccfcdeb/1.jpg?2",
            "usertype": 0,
          },
          "user_id": 8579923,
          "votes_count": 200,
          "watermark": false,
          "width": 3265,
        },
        Object {
          "aperture": null,
          "camera": "PENTAX K-r",
          "category": 11,
          "collections_count": 6,
          "comments_count": 5,
          "converted": 27,
          "converted_bits": 27,
          "created_at": "2015-01-26T18:33:57-05:00",
          "crop_version": 9,
          "description": "",
          "favorites_count": 19,
          "focal_length": "50",
          "for_sale": true,
          "for_sale_date": null,
          "height": 1139,
          "hi_res_uploaded": 1,
          "highest_rating": 90.2,
          "highest_rating_date": "2015-02-06T14:26:40-05:00",
          "id": 96980771,
          "image_format": "jpeg",
          "image_url": Array [
            "https://drscdn.500px.org/photo/96980771/w%3D280_h%3D280/a400881c3c5c4fb9abff8fbfe6637b63?v=9",
            "https://drscdn.500px.org/photo/96980771/m%3D900_k%3D1_a%3D1/268727c648a11450798d1acb675581ff",
          ],
          "images": Array [
            Object {
              "format": "jpeg",
              "https_url": "https://drscdn.500px.org/photo/96980771/w%3D280_h%3D280/a400881c3c5c4fb9abff8fbfe6637b63?v=9",
              "size": 3,
              "url": "https://drscdn.500px.org/photo/96980771/w%3D280_h%3D280/a400881c3c5c4fb9abff8fbfe6637b63?v=9",
            },
            Object {
              "format": "jpeg",
              "https_url": "https://drscdn.500px.org/photo/96980771/m%3D900_k%3D1_a%3D1/268727c648a11450798d1acb675581ff",
              "size": 4,
              "url": "https://drscdn.500px.org/photo/96980771/m%3D900_k%3D1_a%3D1/268727c648a11450798d1acb675581ff",
            },
          ],
          "is_free_photo": false,
          "iso": "400",
          "latitude": null,
          "lens": null,
          "license_type": 0,
          "licensing_requested": false,
          "licensing_suggested": false,
          "location": null,
          "longitude": null,
          "name": "Internet made for cats",
          "nsfw": false,
          "positive_votes_count": 88,
          "privacy": false,
          "profile": true,
          "rating": 48.4,
          "sales_count": 0,
          "shutter_speed": "1/400",
          "status": 1,
          "taken_at": "2012-05-01T11:15:30-04:00",
          "times_viewed": 7847,
          "url": "/photo/96980771/internet-made-for-cats-by-michele-cristallo",
          "user": Object {
            "affection": 707,
            "avatars": Object {
              "default": Object {
                "https": "https://pacdn.500px.org/11372805/22184e18785d9af34f3b6d2556adb7b9481ff9dc/1.jpg?2",
              },
              "large": Object {
                "https": "https://pacdn.500px.org/11372805/22184e18785d9af34f3b6d2556adb7b9481ff9dc/2.jpg?2",
              },
              "small": Object {
                "https": "https://pacdn.500px.org/11372805/22184e18785d9af34f3b6d2556adb7b9481ff9dc/3.jpg?2",
              },
              "tiny": Object {
                "https": "https://pacdn.500px.org/11372805/22184e18785d9af34f3b6d2556adb7b9481ff9dc/4.jpg?2",
              },
            },
            "city": "",
            "country": "Italia ",
            "cover_url": "https://pacdn.500px.org/11372805/22184e18785d9af34f3b6d2556adb7b9481ff9dc/cover_2048.jpg?2",
            "firstname": "Michele",
            "followers_count": 21,
            "fullname": "Michele Cristallo",
            "id": 11372805,
            "lastname": "Cristallo",
            "store_on": true,
            "upgrade_status": 0,
            "username": "Cristal_Orion",
            "userpic_https_url": "https://pacdn.500px.org/11372805/22184e18785d9af34f3b6d2556adb7b9481ff9dc/1.jpg?2",
            "userpic_url": "https://pacdn.500px.org/11372805/22184e18785d9af34f3b6d2556adb7b9481ff9dc/1.jpg?2",
            "usertype": 0,
          },
          "user_id": 11372805,
          "votes_count": 88,
          "watermark": false,
          "width": 1715,
        },
        Object {
          "aperture": "9",
          "camera": "C",
          "category": 18,
          "collections_count": 11,
          "comments_count": 7,
          "converted": 31,
          "converted_bits": 31,
          "created_at": "2014-05-02T05:24:19-04:00",
          "crop_version": 0,
          "description": null,
          "favorites_count": 30,
          "focal_length": "50",
          "for_sale": true,
          "for_sale_date": null,
          "height": 997,
          "hi_res_uploaded": 1,
          "highest_rating": 89.6,
          "highest_rating_date": "2014-05-02T07:06:42-04:00",
          "id": 69078149,
          "image_format": "jpeg",
          "image_url": Array [
            "https://drscdn.500px.org/photo/69078149/w%3D280_h%3D280/384f7ac95bb3fe6d04635f2702f0aeb2?v=0",
            "https://drscdn.500px.org/photo/69078149/m%3D900_k%3D1_a%3D1/837abf67ccc75af96429ed9f3c7c04d8",
          ],
          "images": Array [
            Object {
              "format": "jpeg",
              "https_url": "https://drscdn.500px.org/photo/69078149/w%3D280_h%3D280/384f7ac95bb3fe6d04635f2702f0aeb2?v=0",
              "size": 3,
              "url": "https://drscdn.500px.org/photo/69078149/w%3D280_h%3D280/384f7ac95bb3fe6d04635f2702f0aeb2?v=0",
            },
            Object {
              "format": "jpeg",
              "https_url": "https://drscdn.500px.org/photo/69078149/m%3D900_k%3D1_a%3D1/837abf67ccc75af96429ed9f3c7c04d8",
              "size": 4,
              "url": "https://drscdn.500px.org/photo/69078149/m%3D900_k%3D1_a%3D1/837abf67ccc75af96429ed9f3c7c04d8",
            },
          ],
          "is_free_photo": false,
          "iso": "160",
          "latitude": 41.4777180088787,
          "lens": "50mm 1.4",
          "license_type": 0,
          "licensing_requested": false,
          "licensing_suggested": false,
          "location": null,
          "longitude": 2.08139419555664,
          "name": "Kung Fu Cat",
          "nsfw": false,
          "positive_votes_count": 199,
          "privacy": false,
          "profile": true,
          "rating": 49.3,
          "sales_count": 0,
          "shutter_speed": "120",
          "status": 1,
          "taken_at": null,
          "times_viewed": 15412,
          "url": "/photo/69078149/kung-fu-cat-by-nicolas-reusens",
          "user": Object {
            "affection": 30428,
            "avatars": Object {
              "default": Object {
                "https": "https://pacdn.500px.org/192012/c1eb0e8dd738b30b7a9a8cfdd26897c168dd6eea/1.jpg?0",
              },
              "large": Object {
                "https": "https://pacdn.500px.org/192012/c1eb0e8dd738b30b7a9a8cfdd26897c168dd6eea/2.jpg?0",
              },
              "small": Object {
                "https": "https://pacdn.500px.org/192012/c1eb0e8dd738b30b7a9a8cfdd26897c168dd6eea/3.jpg?0",
              },
              "tiny": Object {
                "https": "https://pacdn.500px.org/192012/c1eb0e8dd738b30b7a9a8cfdd26897c168dd6eea/4.jpg?0",
              },
            },
            "city": "Madrid",
            "country": "Spain",
            "cover_url": "https://pacdn.500px.org/192012/c1eb0e8dd738b30b7a9a8cfdd26897c168dd6eea/cover_2048.jpg?4",
            "firstname": "Nicolas",
            "followers_count": 1836,
            "fullname": "Nicolas Reusens",
            "id": 192012,
            "lastname": "Reusens",
            "store_on": true,
            "upgrade_status": 0,
            "username": "snic320",
            "userpic_https_url": "https://pacdn.500px.org/192012/c1eb0e8dd738b30b7a9a8cfdd26897c168dd6eea/1.jpg?0",
            "userpic_url": "https://pacdn.500px.org/192012/c1eb0e8dd738b30b7a9a8cfdd26897c168dd6eea/1.jpg?0",
            "usertype": 0,
          },
          "user_id": 192012,
          "votes_count": 199,
          "watermark": false,
          "width": 1400,
        },
        Object {
          "aperture": "0",
          "camera": "Canon EOS 5D Mark II",
          "category": 11,
          "collections_count": 35,
          "comments_count": 1,
          "converted": 31,
          "converted_bits": 31,
          "created_at": "2014-11-02T12:29:27-05:00",
          "crop_version": 13,
          "description": "Our cat. He sleeps the whole day. &lt;3",
          "favorites_count": 15,
          "focal_length": "50",
          "for_sale": true,
          "for_sale_date": null,
          "height": 3744,
          "hi_res_uploaded": 2,
          "highest_rating": 87,
          "highest_rating_date": "2014-11-02T15:23:49-05:00",
          "id": 88434815,
          "image_format": "jpeg",
          "image_url": Array [
            "https://drscdn.500px.org/photo/88434815/w%3D280_h%3D280/905a609a6be2f4a111a165c146a0fd03?v=13",
            "https://drscdn.500px.org/photo/88434815/m%3D900_k%3D1_a%3D1/c19f4f1d7852ec292987b463bf131121",
          ],
          "images": Array [
            Object {
              "format": "jpeg",
              "https_url": "https://drscdn.500px.org/photo/88434815/w%3D280_h%3D280/905a609a6be2f4a111a165c146a0fd03?v=13",
              "size": 3,
              "url": "https://drscdn.500px.org/photo/88434815/w%3D280_h%3D280/905a609a6be2f4a111a165c146a0fd03?v=13",
            },
            Object {
              "format": "jpeg",
              "https_url": "https://drscdn.500px.org/photo/88434815/m%3D900_k%3D1_a%3D1/c19f4f1d7852ec292987b463bf131121",
              "size": 4,
              "url": "https://drscdn.500px.org/photo/88434815/m%3D900_k%3D1_a%3D1/c19f4f1d7852ec292987b463bf131121",
            },
          ],
          "is_free_photo": false,
          "iso": "800",
          "latitude": null,
          "lens": "EF50mm f/1.8 II",
          "license_type": 0,
          "licensing_requested": false,
          "licensing_suggested": false,
          "location": null,
          "longitude": null,
          "name": "Sleeping",
          "nsfw": false,
          "positive_votes_count": 148,
          "privacy": false,
          "profile": true,
          "rating": 49.1,
          "sales_count": 0,
          "shutter_speed": "1/60",
          "status": 1,
          "taken_at": "2014-11-02T11:25:59-05:00",
          "times_viewed": 14844,
          "url": "/photo/88434815/sleeping-by-thorsten-frisch",
          "user": Object {
            "affection": 4698,
            "avatars": Object {
              "default": Object {
                "https": "https://pacdn.500px.org/44017/51694d80a20d657ec5a90daec06d1815c1a6f981/1.jpg?5",
              },
              "large": Object {
                "https": "https://pacdn.500px.org/44017/51694d80a20d657ec5a90daec06d1815c1a6f981/2.jpg?5",
              },
              "small": Object {
                "https": "https://pacdn.500px.org/44017/51694d80a20d657ec5a90daec06d1815c1a6f981/3.jpg?5",
              },
              "tiny": Object {
                "https": "https://pacdn.500px.org/44017/51694d80a20d657ec5a90daec06d1815c1a6f981/4.jpg?5",
              },
            },
            "city": "Siegen",
            "country": "Germany",
            "cover_url": "https://pacdn.500px.org/44017/51694d80a20d657ec5a90daec06d1815c1a6f981/cover_2048.jpg?6",
            "firstname": "Thorsten",
            "followers_count": 135,
            "fullname": "Thorsten Frisch",
            "id": 44017,
            "lastname": "Frisch",
            "store_on": true,
            "upgrade_status": 2,
            "username": "ThorstenFrisch",
            "userpic_https_url": "https://pacdn.500px.org/44017/51694d80a20d657ec5a90daec06d1815c1a6f981/1.jpg?5",
            "userpic_url": "https://pacdn.500px.org/44017/51694d80a20d657ec5a90daec06d1815c1a6f981/1.jpg?5",
            "usertype": 0,
          },
          "user_id": 44017,
          "votes_count": 148,
          "watermark": false,
          "width": 5616,
        },
        Object {
          "aperture": "5",
          "camera": "NX300",
          "category": 11,
          "collections_count": 16,
          "comments_count": 1,
          "converted": 27,
          "converted_bits": 27,
          "created_at": "2014-11-30T04:48:35-05:00",
          "crop_version": 6,
          "description": "My lovely cat",
          "favorites_count": 3,
          "focal_length": "42",
          "for_sale": false,
          "for_sale_date": null,
          "height": 1153,
          "hi_res_uploaded": 0,
          "highest_rating": 84,
          "highest_rating_date": "2014-11-30T11:42:42-05:00",
          "id": 91282777,
          "image_format": "jpeg",
          "image_url": Array [
            "https://drscdn.500px.org/photo/91282777/w%3D280_h%3D280/419c57de9001c136e3cf944a5ef2c011?v=6",
            "https://drscdn.500px.org/photo/91282777/m%3D900_k%3D1_a%3D1/dc9e0ff6a8451deb9f9b72efcf11a141",
          ],
          "images": Array [
            Object {
              "format": "jpeg",
              "https_url": "https://drscdn.500px.org/photo/91282777/w%3D280_h%3D280/419c57de9001c136e3cf944a5ef2c011?v=6",
              "size": 3,
              "url": "https://drscdn.500px.org/photo/91282777/w%3D280_h%3D280/419c57de9001c136e3cf944a5ef2c011?v=6",
            },
            Object {
              "format": "jpeg",
              "https_url": "https://drscdn.500px.org/photo/91282777/m%3D900_k%3D1_a%3D1/dc9e0ff6a8451deb9f9b72efcf11a141",
              "size": 4,
              "url": "https://drscdn.500px.org/photo/91282777/m%3D900_k%3D1_a%3D1/dc9e0ff6a8451deb9f9b72efcf11a141",
            },
          ],
          "is_free_photo": false,
          "iso": "400",
          "latitude": null,
          "lens": null,
          "license_type": 0,
          "licensing_requested": false,
          "licensing_suggested": false,
          "location": null,
          "longitude": null,
          "name": "Tiger",
          "nsfw": false,
          "positive_votes_count": 111,
          "privacy": false,
          "profile": true,
          "rating": 48.7,
          "sales_count": 0,
          "shutter_speed": "1/60",
          "status": 1,
          "taken_at": "2014-06-28T14:29:32-04:00",
          "times_viewed": 13125,
          "url": "/photo/91282777/tiger-by-liam-alexander-colman",
          "user": Object {
            "affection": 984,
            "avatars": Object {
              "default": Object {
                "https": "https://pacdn.500px.org/9429321/4b6264405b38fc68582750dd3bca2137d853b838/1.jpg?1",
              },
              "large": Object {
                "https": "https://pacdn.500px.org/9429321/4b6264405b38fc68582750dd3bca2137d853b838/2.jpg?1",
              },
              "small": Object {
                "https": "https://pacdn.500px.org/9429321/4b6264405b38fc68582750dd3bca2137d853b838/3.jpg?1",
              },
              "tiny": Object {
                "https": "https://pacdn.500px.org/9429321/4b6264405b38fc68582750dd3bca2137d853b838/4.jpg?1",
              },
            },
            "city": "Zürich",
            "country": "Switzerland",
            "cover_url": "https://pacdn.500px.org/9429321/4b6264405b38fc68582750dd3bca2137d853b838/cover_2048.jpg?3",
            "firstname": "Liam Alexander",
            "followers_count": 15,
            "fullname": "Liam Alexander Colman",
            "id": 9429321,
            "lastname": "Colman",
            "store_on": false,
            "upgrade_status": 0,
            "username": "liamalexcolman",
            "userpic_https_url": "https://pacdn.500px.org/9429321/4b6264405b38fc68582750dd3bca2137d853b838/1.jpg?1",
            "userpic_url": "https://pacdn.500px.org/9429321/4b6264405b38fc68582750dd3bca2137d853b838/1.jpg?1",
            "usertype": 0,
          },
          "user_id": 9429321,
          "votes_count": 111,
          "watermark": false,
          "width": 2048,
        },
        Object {
          "aperture": "6.3",
          "camera": "Canon EOS-1D Mark II",
          "category": 11,
          "collections_count": 2,
          "comments_count": 0,
          "converted": 31,
          "converted_bits": 31,
          "created_at": "2014-06-15T18:51:52-04:00",
          "crop_version": 0,
          "description": null,
          "favorites_count": 14,
          "focal_length": "400",
          "for_sale": true,
          "for_sale_date": null,
          "height": 2189,
          "hi_res_uploaded": 2,
          "highest_rating": 88.6,
          "highest_rating_date": "2014-06-16T18:21:00-04:00",
          "id": 73818641,
          "image_format": "jpeg",
          "image_url": Array [
            "https://drscdn.500px.org/photo/73818641/w%3D280_h%3D280/07e5cf3cdba2bd768d048c18baa42609?v=0",
            "https://drscdn.500px.org/photo/73818641/m%3D900_k%3D1_a%3D1/f6e14139847ae335d9dff52938d8079b",
          ],
          "images": Array [
            Object {
              "format": "jpeg",
              "https_url": "https://drscdn.500px.org/photo/73818641/w%3D280_h%3D280/07e5cf3cdba2bd768d048c18baa42609?v=0",
              "size": 3,
              "url": "https://drscdn.500px.org/photo/73818641/w%3D280_h%3D280/07e5cf3cdba2bd768d048c18baa42609?v=0",
            },
            Object {
              "format": "jpeg",
              "https_url": "https://drscdn.500px.org/photo/73818641/m%3D900_k%3D1_a%3D1/f6e14139847ae335d9dff52938d8079b",
              "size": 4,
              "url": "https://drscdn.500px.org/photo/73818641/m%3D900_k%3D1_a%3D1/f6e14139847ae335d9dff52938d8079b",
            },
          ],
          "is_free_photo": false,
          "iso": "250",
          "latitude": null,
          "lens": null,
          "license_type": 0,
          "licensing_requested": false,
          "licensing_suggested": false,
          "location": null,
          "longitude": null,
          "name": "Proud",
          "nsfw": false,
          "positive_votes_count": 80,
          "privacy": false,
          "profile": true,
          "rating": 48.2,
          "sales_count": 0,
          "shutter_speed": "1/400",
          "status": 1,
          "taken_at": "2014-06-12T12:19:38-04:00",
          "times_viewed": 7619,
          "url": "/photo/73818641/proud-by-tim-matney",
          "user": Object {
            "affection": 11721,
            "avatars": Object {
              "default": Object {
                "https": "https://pacdn.500px.org/7164687/913bf4aca37e083b8ee5d20a9e73f46dc8f064b7/1.jpg?3",
              },
              "large": Object {
                "https": "https://pacdn.500px.org/7164687/913bf4aca37e083b8ee5d20a9e73f46dc8f064b7/2.jpg?3",
              },
              "small": Object {
                "https": "https://pacdn.500px.org/7164687/913bf4aca37e083b8ee5d20a9e73f46dc8f064b7/3.jpg?3",
              },
              "tiny": Object {
                "https": "https://pacdn.500px.org/7164687/913bf4aca37e083b8ee5d20a9e73f46dc8f064b7/4.jpg?3",
              },
            },
            "city": "seffner",
            "country": "united states",
            "cover_url": "https://pacdn.500px.org/7164687/913bf4aca37e083b8ee5d20a9e73f46dc8f064b7/cover_2048.jpg?26",
            "firstname": "tim",
            "followers_count": 81,
            "fullname": "tim matney",
            "id": 7164687,
            "lastname": "matney",
            "store_on": true,
            "upgrade_status": 1,
            "username": "lighthouse1964tm",
            "userpic_https_url": "https://pacdn.500px.org/7164687/913bf4aca37e083b8ee5d20a9e73f46dc8f064b7/1.jpg?3",
            "userpic_url": "https://pacdn.500px.org/7164687/913bf4aca37e083b8ee5d20a9e73f46dc8f064b7/1.jpg?3",
            "usertype": 0,
          },
          "user_id": 7164687,
          "votes_count": 80,
          "watermark": false,
          "width": 3066,
        },
        Object {
          "aperture": "5",
          "camera": "Nikon D3",
          "category": 11,
          "collections_count": 25,
          "comments_count": 11,
          "converted": 31,
          "converted_bits": 31,
          "created_at": "2012-12-07T05:02:23-05:00",
          "crop_version": 2,
          "description": "5 Wochen alte Katzenkinder auf einer Wiese",
          "favorites_count": 19,
          "focal_length": "92",
          "for_sale": true,
          "for_sale_date": null,
          "height": 3341,
          "hi_res_uploaded": 2,
          "highest_rating": 85.5,
          "highest_rating_date": "2012-12-07T18:27:30-05:00",
          "id": 20052621,
          "image_format": "jpeg",
          "image_url": Array [
            "https://drscdn.500px.org/photo/20052621/w%3D280_h%3D280/c95808e6a4bbb01e78afc5d76d56866b?v=2",
            "https://drscdn.500px.org/photo/20052621/m%3D900_k%3D1_a%3D1/bc62952d28215e5d0e1d5a408c586489",
          ],
          "images": Array [
            Object {
              "format": "jpeg",
              "https_url": "https://drscdn.500px.org/photo/20052621/w%3D280_h%3D280/c95808e6a4bbb01e78afc5d76d56866b?v=2",
              "size": 3,
              "url": "https://drscdn.500px.org/photo/20052621/w%3D280_h%3D280/c95808e6a4bbb01e78afc5d76d56866b?v=2",
            },
            Object {
              "format": "jpeg",
              "https_url": "https://drscdn.500px.org/photo/20052621/m%3D900_k%3D1_a%3D1/bc62952d28215e5d0e1d5a408c586489",
              "size": 4,
              "url": "https://drscdn.500px.org/photo/20052621/m%3D900_k%3D1_a%3D1/bc62952d28215e5d0e1d5a408c586489",
            },
          ],
          "is_free_photo": false,
          "iso": "640",
          "latitude": null,
          "lens": "",
          "license_type": 0,
          "licensing_requested": false,
          "licensing_suggested": false,
          "location": null,
          "longitude": null,
          "name": "Katzenkinder",
          "nsfw": false,
          "positive_votes_count": 113,
          "privacy": false,
          "profile": true,
          "rating": 48.9,
          "sales_count": 0,
          "shutter_speed": "1/500",
          "status": 1,
          "taken_at": "2010-06-01T12:39:05-04:00",
          "times_viewed": 17933,
          "url": "/photo/20052621/katzenkinder-by-mark-wohlrab",
          "user": Object {
            "affection": 4177,
            "avatars": Object {
              "default": Object {
                "https": "https://pacdn.500px.org/2041897/bba3c50b058c2e9c57ebd2a15c00eb7d05597ebe/1.jpg?3",
              },
              "large": Object {
                "https": "https://pacdn.500px.org/2041897/bba3c50b058c2e9c57ebd2a15c00eb7d05597ebe/2.jpg?3",
              },
              "small": Object {
                "https": "https://pacdn.500px.org/2041897/bba3c50b058c2e9c57ebd2a15c00eb7d05597ebe/3.jpg?3",
              },
              "tiny": Object {
                "https": "https://pacdn.500px.org/2041897/bba3c50b058c2e9c57ebd2a15c00eb7d05597ebe/4.jpg?3",
              },
            },
            "city": "Kamen",
            "country": "Germany",
            "cover_url": "https://pacdn.500px.org/2041897/bba3c50b058c2e9c57ebd2a15c00eb7d05597ebe/cover_2048.jpg?4",
            "firstname": "Mark",
            "followers_count": 53,
            "fullname": "Mark Wohlrab",
            "id": 2041897,
            "lastname": "Wohlrab",
            "store_on": true,
            "upgrade_status": 0,
            "username": "MarkWohlrab",
            "userpic_https_url": "https://pacdn.500px.org/2041897/bba3c50b058c2e9c57ebd2a15c00eb7d05597ebe/1.jpg?3",
            "userpic_url": "https://pacdn.500px.org/2041897/bba3c50b058c2e9c57ebd2a15c00eb7d05597ebe/1.jpg?3",
            "usertype": 0,
          },
          "user_id": 2041897,
          "votes_count": 113,
          "watermark": false,
          "width": 2223,
        },
      ]
    } />
</div>
`;
